../Core/Src/main.c:107:5:main	8	static
../Core/Src/main.c:200:6:SystemClock_Config	160	static
../Core/Src/main.c:246:6:HAL_DMA_ConvCpltCallback	16	static
../Core/Src/main.c:253:6:HAL_DMA_ErrorCallback	16	static
../Core/Src/main.c:261:13:MX_TIM1_Init	120	static
../Core/Src/main.c:345:13:MX_TIM16_Init	8	static
../Core/Src/main.c:376:6:HAL_TIM_PeriodElapsedCallback	24	static
../Core/Src/main.c:421:13:MX_DMA_Init	16	static
../Core/Src/main.c:457:13:MX_GPIO_Init	40	static
../Core/Src/main.c:505:6:Process_USB_Command	16	static
../Core/Src/main.c:682:6:change_period	16	static
../Core/Src/main.c:690:6:change_period16	16	static
../Core/Src/main.c:705:6:Error_Handler	4	static,ignoring_inline_asm
