../Core/Src/main.c:80:5:main	16	static
../Core/Src/main.c:156:6:SystemClock_Config	160	static
../Core/Src/main.c:202:6:HAL_DMA_ConvCpltCallback	16	static
../Core/Src/main.c:209:6:HAL_DMA_ErrorCallback	16	static
../Core/Src/main.c:217:13:MX_TIM1_Init	120	static
../Core/Src/main.c:330:6:HAL_TIM_PeriodElapsedCallback	16	static
../Core/Src/main.c:342:13:MX_DMA_Init	16	static
../Core/Src/main.c:373:13:MX_GPIO_Init	40	static
../Core/Src/main.c:415:6:Start_TIM1_DMA	8	static
../Core/Src/main.c:420:6:Stop_TIM1_DMA	8	static
../Core/Src/main.c:425:6:Change_Sampling_Rate	24	static
../Core/Src/main.c:434:6:Process_USB_Command	24	static
../Core/Src/main.c:476:6:Error_Handler	4	static,ignoring_inline_asm
