../Core/Src/main.c:95:5:main	8	static
../Core/Src/main.c:175:6:SystemClock_Config	160	static
../Core/Src/main.c:225:13:MX_TIM2_Init	56	static
../Core/Src/main.c:277:13:MX_TIM16_Init	16	static
../Core/Src/main.c:309:13:MX_GPIO_Init	48	static
../Core/Src/main.c:357:6:HAL_TIM_PeriodElapsedCallback	16	static
../Core/Src/main.c:375:6:HAL_TIM_PWM_PulseFinishedCallback	24	static
../Core/Src/main.c:441:6:Process_USB_Command	16	static
../Core/Src/main.c:499:6:change_period2	16	static
../Core/Src/main.c:506:6:change_period16	16	static
../Core/Src/main.c:511:6:change_prescalar16	16	static
../Core/Src/main.c:524:6:Error_Handler	4	static,ignoring_inline_asm
