../Core/Src/main.c:108:5:main	8	static
../Core/Src/main.c:190:6:SystemClock_Config	160	static
../Core/Src/main.c:240:13:MX_TIM2_Init	56	static
../Core/Src/main.c:292:13:MX_TIM16_Init	16	static
../Core/Src/main.c:324:13:MX_GPIO_Init	48	static
../Core/Src/main.c:374:6:HAL_TIM_PeriodElapsedCallback	16	static
../Core/Src/main.c:389:6:HAL_TIM_PWM_PulseFinishedCallback	24	static
../Core/Src/main.c:431:6:Process_USB_Command	16	static
../Core/Src/main.c:489:6:change_period2	16	static
../Core/Src/main.c:498:6:change_period16	16	static
../Core/Src/main.c:503:6:change_prescalar16	16	static
../Core/Src/main.c:516:6:Error_Handler	4	static,ignoring_inline_asm
