../Core/Src/main.c:94:5:main	8	static
../Core/Src/main.c:173:6:SystemClock_Config	160	static
../Core/Src/main.c:223:13:MX_TIM2_Init	56	static
../Core/Src/main.c:275:13:MX_TIM16_Init	88	static
../Core/Src/main.c:337:13:MX_GPIO_Init	48	static
../Core/Src/main.c:385:6:HAL_TIM_PWM_PulseFinishedCallback	24	static
../Core/Src/main.c:469:6:Process_USB_Command	16	static
../Core/Src/main.c:537:6:change_period2	16	static
../Core/Src/main.c:542:6:change_period16	16	static
../Core/Src/main.c:555:6:Error_Handler	4	static,ignoring_inline_asm
